sssssssssssss....sssssssssssssssssssssssssssss.......................... [  2%]
........................................................................ [  5%]
........................................................................ [  8%]
........................................................................ [ 11%]
........................................................................ [ 14%]
........................................................................ [ 17%]
........................................................................ [ 20%]
........................................................................ [ 23%]
........................................................................ [ 26%]
........................................................................ [ 29%]
........................................................................ [ 32%]
........................................................................ [ 35%]
........................................................................ [ 38%]
........................................................................ [ 41%]
........................................................................ [ 44%]
........................................................................ [ 47%]
........................................................................ [ 50%]
........................................................................ [ 53%]
........................................................................ [ 56%]
........................................................................ [ 59%]
........................................................................ [ 62%]
........................................................................ [ 65%]
........................................................................ [ 68%]
........................................................................ [ 71%]
........................................................................ [ 74%]
........................................................................ [ 77%]
........................................................................ [ 80%]
........................................................................ [ 83%]
........................................................................ [ 86%]
........................................................................ [ 89%]
.....F...............F.................................................. [ 92%]
........................................................................ [ 95%]
........................................................................ [ 98%]
...........................................                              [100%]
================================== FAILURES ===================================
__________________ test_body_has_expected_nano_banana_shape ___________________
tests\test_providers\test_fal_nano_banana.py:170: in test_body_has_expected_nano_banana_shape
    assert body["sync_mode"] is True
E   KeyError: 'sync_mode'
__________________ test_generate_happy_path_inline_data_uri ___________________
tests\test_providers\test_fal_nano_banana.py:341: in test_generate_happy_path_inline_data_uri
    assert submit["json"]["sync_mode"] is True
E   KeyError: 'sync_mode'
=========================== short test summary info ===========================
FAILED tests/test_providers/test_fal_nano_banana.py::test_body_has_expected_nano_banana_shape
FAILED tests/test_providers/test_fal_nano_banana.py::test_generate_happy_path_inline_data_uri
2 failed, 2375 passed, 42 skipped in 31.40s
